<?xml version="1.0" encoding="UTF-8" ?>
<testsuites name="vitest tests" tests="31" failures="0" errors="0" time="0.268">
    <testsuite name="test/qmd/adapter.test.ts" timestamp="2026-03-20T04:48:36.356Z" hostname="Beomsuui-MacBookPro.local" tests="3" failures="0" errors="0" skipped="0" time="0.006906542">
        <testcase classname="test/qmd/adapter.test.ts" name="QmdProcessAdapter &gt; resolves the collection whose path matches the current vault" time="0.003507791">
        </testcase>
        <testcase classname="test/qmd/adapter.test.ts" name="QmdProcessAdapter &gt; launches node explicitly for a node-backed qmd binary" time="0.001642959">
        </testcase>
        <testcase classname="test/qmd/adapter.test.ts" name="QmdProcessAdapter &gt; reports configured and resolved paths when an explicit binary is missing" time="0.000883917">
        </testcase>
    </testsuite>
    <testsuite name="test/qmd/auto-sync.test.ts" timestamp="2026-03-20T04:48:36.357Z" hostname="Beomsuui-MacBookPro.local" tests="3" failures="0" errors="0" skipped="0" time="0.003929667">
        <testcase classname="test/qmd/auto-sync.test.ts" name="AutoSyncController &gt; debounces repeated dirty events into one update/embed run" time="0.0018785">
        </testcase>
        <testcase classname="test/qmd/auto-sync.test.ts" name="AutoSyncController &gt; runs exactly one follow-up pass when changes arrive during an active sync" time="0.000739416">
        </testcase>
        <testcase classname="test/qmd/auto-sync.test.ts" name="AutoSyncController &gt; does not run embed when update fails" time="0.00076075">
        </testcase>
    </testsuite>
    <testsuite name="test/qmd/parser.test.ts" timestamp="2026-03-20T04:48:36.357Z" hostname="Beomsuui-MacBookPro.local" tests="6" failures="0" errors="0" skipped="0" time="0.002570625">
        <testcase classname="test/qmd/parser.test.ts" name="qmd parser helpers &gt; parses collection list output" time="0.000812166">
        </testcase>
        <testcase classname="test/qmd/parser.test.ts" name="qmd parser helpers &gt; parses collection show output" time="0.000194875">
        </testcase>
        <testcase classname="test/qmd/parser.test.ts" name="qmd parser helpers &gt; parses qmd json search results" time="0.0001665">
        </testcase>
        <testcase classname="test/qmd/parser.test.ts" name="qmd parser helpers &gt; maps qmd virtual paths back to vault-relative paths" time="0.000167625">
        </testcase>
        <testcase classname="test/qmd/parser.test.ts" name="qmd parser helpers &gt; formats snippets for display" time="0.000361333">
        </testcase>
        <testcase classname="test/qmd/parser.test.ts" name="qmd parser helpers &gt; validates structured query documents" time="0.000211708">
        </testcase>
    </testsuite>
    <testsuite name="test/qmd/path-resolver.test.ts" timestamp="2026-03-20T04:48:36.358Z" hostname="Beomsuui-MacBookPro.local" tests="9" failures="0" errors="0" skipped="0" time="0.004324083">
        <testcase classname="test/qmd/path-resolver.test.ts" name="handelize &gt; lowercases and replaces spaces with hyphens" time="0.00173425">
        </testcase>
        <testcase classname="test/qmd/path-resolver.test.ts" name="handelize &gt; handles numbered folders with dots and spaces" time="0.000437667">
        </testcase>
        <testcase classname="test/qmd/path-resolver.test.ts" name="handelize &gt; handles hyphens and special characters in filenames" time="0.000134916">
        </testcase>
        <testcase classname="test/qmd/path-resolver.test.ts" name="handelize &gt; handles dots within filenames (not just extension)" time="0.000071875">
        </testcase>
        <testcase classname="test/qmd/path-resolver.test.ts" name="handelize &gt; preserves Korean characters" time="0.000624584">
        </testcase>
        <testcase classname="test/qmd/path-resolver.test.ts" name="handelize &gt; preserves .md extension" time="0.00007525">
        </testcase>
        <testcase classname="test/qmd/path-resolver.test.ts" name="VaultPathResolver &gt; resolves slugified paths to real vault paths" time="0.000173541">
        </testcase>
        <testcase classname="test/qmd/path-resolver.test.ts" name="VaultPathResolver &gt; returns null for unknown paths" time="0.000061125">
        </testcase>
        <testcase classname="test/qmd/path-resolver.test.ts" name="VaultPathResolver &gt; respects dirty flag for lazy rebuild" time="0.000202542">
        </testcase>
    </testsuite>
    <testsuite name="test/qmd/query-builder.test.ts" timestamp="2026-03-20T04:48:36.358Z" hostname="Beomsuui-MacBookPro.local" tests="5" failures="0" errors="0" skipped="0" time="0.002981167">
        <testcase classname="test/qmd/query-builder.test.ts" name="related query builder &gt; extracts related-query source from file content and metadata" time="0.001563875">
        </testcase>
        <testcase classname="test/qmd/query-builder.test.ts" name="related query builder &gt; builds a structured qmd query document with intent, lex, vec, and hyde" time="0.000360042">
        </testcase>
        <testcase classname="test/qmd/query-builder.test.ts" name="related query builder &gt; handles source with no tags or headings" time="0.000175833">
        </testcase>
        <testcase classname="test/qmd/query-builder.test.ts" name="related query builder &gt; strips negation operators from vec and hyde lines" time="0.000190875">
        </testcase>
        <testcase classname="test/qmd/query-builder.test.ts" name="related query builder &gt; limits topic terms in intent to 3" time="0.000080375">
        </testcase>
    </testsuite>
    <testsuite name="test/tooling/sync-to-plugins.test.ts" timestamp="2026-03-20T04:48:36.359Z" hostname="Beomsuui-MacBookPro.local" tests="5" failures="0" errors="0" skipped="0" time="0.014854416">
        <testcase classname="test/tooling/sync-to-plugins.test.ts" name="tooling sync &gt; renders CI workflow with optional test result publishing" time="0.0007585">
        </testcase>
        <testcase classname="test/tooling/sync-to-plugins.test.ts" name="tooling sync &gt; renders release workflow from repo config" time="0.000233875">
        </testcase>
        <testcase classname="test/tooling/sync-to-plugins.test.ts" name="tooling sync &gt; reports missing required config keys" time="0.004760334">
        </testcase>
        <testcase classname="test/tooling/sync-to-plugins.test.ts" name="tooling sync &gt; supports dry-run without writing files" time="0.004103084">
        </testcase>
        <testcase classname="test/tooling/sync-to-plugins.test.ts" name="tooling sync &gt; writes synced files and removes legacy dev config" time="0.004420791">
        </testcase>
    </testsuite>
</testsuites>
